From: "HR Kantor" <slip@example.com>
To: <budi.santoso@example.com>
Cc: <hr@example.com>
Reply-To: <hr@example.com>
Subject: =?UTF-8?q?Slip_Gaji_=E2=80=94_Oktober_2026_(Revisi_1)?=
Date: Fri, 23 Oct 2026 09:30:00 +0700
Message-ID: <0123456789abcdef@example.com>
MIME-Version: 1.0
Content-Type: multipart/mixed; boundary=kantor-mixed-0001

--kantor-mixed-0001
Content-Type: multipart/alternative; boundary=kantor-alt-0001

--kantor-alt-0001
Content-Transfer-Encoding: quoted-printable
Content-Type: text/plain; charset=UTF-8

Yth. Budi Santoso,

Terlampir slip gaji Anda untuk periode Oktober 2026 (dokumen revisi 1).

Dokumen ini bersifat rahasia =E2=80=94 mohon tidak diteruskan kepada pihak =
lain.

Salam,
HR Kantor

----------------------------------------

Dear Budi Santoso,

Please find attached your payslip for October 2026 (revision 1).

This document is confidential =E2=80=94 please do not forward it.

Regards,
HR Kantor

--
Email ini dikirim otomatis oleh sistem KANTOR.
This email was sent automatically by the KANTOR system.

--kantor-alt-0001
Content-Transfer-Encoding: quoted-printable
Content-Type: text/html; charset=UTF-8

<!DOCTYPE html>
<html lang=3D"id">
<head>
<meta charset=3D"UTF-8">
<meta name=3D"viewport" content=3D"width=3Ddevice-width, initial-scale=3D1.=
0">
</head>
<body style=3D"margin:0;padding:0;background:#f4f5f7;font-family:Arial,Helv=
etica,sans-serif;color:#172b4d;">
<table role=3D"presentation" width=3D"100%" cellpadding=3D"0" cellspacing=
=3D"0" style=3D"background:#f4f5f7;padding:24px 0;">
<tr><td align=3D"center">
<table role=3D"presentation" width=3D"600" cellpadding=3D"0" cellspacing=3D=
"0" style=3D"max-width:600px;width:100%;background:#ffffff;border:1px solid=
 #dfe1e6;border-radius:6px;">
<tr><td style=3D"padding:24px 28px 8px 28px;font-size:14px;line-height:22px=
;">
<p style=3D"margin:0 0 12px 0;">Yth. Budi Santoso,</p>
<p style=3D"margin:0 0 12px 0;">Terlampir slip gaji Anda untuk periode Okto=
ber 2026 (dokumen revisi 1).</p>
<p style=3D"margin:0 0 12px 0;">Dokumen ini bersifat rahasia =E2=80=94 moho=
n tidak diteruskan kepada pihak lain.</p>
<p style=3D"margin:0 0 4px 0;">Salam,</p>
<p style=3D"margin:0 0 20px 0;"><strong>HR Kantor</strong></p>
</td></tr>
<tr><td style=3D"padding:0 28px;"><hr style=3D"border:none;border-top:1px s=
olid #dfe1e6;margin:0;"></td></tr>
<tr><td lang=3D"en" style=3D"padding:20px 28px 8px 28px;font-size:14px;line=
-height:22px;color:#42526e;">
<p style=3D"margin:0 0 12px 0;">Dear Budi Santoso,</p>
<p style=3D"margin:0 0 12px 0;">Please find attached your payslip for Octob=
er 2026 (revision 1).</p>
<p style=3D"margin:0 0 12px 0;">This document is confidential =E2=80=94 ple=
ase do not forward it.</p>
<p style=3D"margin:0 0 4px 0;">Regards,</p>
<p style=3D"margin:0 0 20px 0;"><strong>HR Kantor</strong></p>
</td></tr>
<tr><td style=3D"padding:12px 28px 20px 28px;font-size:12px;line-height:18p=
x;color:#6b778c;border-top:1px solid #dfe1e6;">
Email ini dikirim otomatis oleh sistem KANTOR.<br>This email was sent autom=
atically by the KANTOR system.
</td></tr>
</table>
</td></tr>
</table>
</body>
</html>

--kantor-alt-0001--

--kantor-mixed-0001
Content-Disposition: attachment; filename=Slip_Gaji_Oktober_2026.pdf
Content-Transfer-Encoding: base64
Content-Type: application/pdf; name=Slip_Gaji_Oktober_2026.pdf

JVBERi0xLjQKJeLjz9MKAwoRGB8mLTQ7QklQV15lbHN6gYiPlp2kq7K5wMfO1dzj6vH4/wYNFBsi
KTA3PkVMU1phaG92fYSLkpmgp661vMPK0djf5u30+wIJEBceJSwzOkFIT1ZdZGtyeYCHjpWco6qx
uL/GzdTb4unw9/4FDBMaISgvNj1ES1JZYGdudXyDipGYn6attLvCydDX3uXs8/oBCA8WHSQrMjlA
R05VXGNqcXh/ho2Um6KpsLe+xczT2uHo7/b9BAsSGSAnLjU8Q0pRWF9mbXR7gomQl56lrLO6wcjP
1t3k6/L5AAcOFRwjKjE4P0ZNVFtiaXB3foWMk5qhqK+2vcTL0tng5+71/AMKERgfJi00O0JJUFde
ZWxzeoGIj5adpKuyucDH

--kantor-mixed-0001--
